
Memory Configuration

Name             Origin             Length             Attributes
*default*        0x00000000         0xffffffff

Linker script and memory map

LOAD build/main.o
LOAD build/jtag.o
LOAD uart.o
LOAD gpio.o

.init           0x00008000        0x4
 *(.init)
 .init          0x00008000        0x4 build/main.o
                0x00008000                _start

.data           0x00009080      0x128
 *(.data)
 .data          0x00009080      0x128 build/main.o
 .data          0x000091a8        0x0 build/jtag.o
 .data          0x000091a8        0x0 uart.o
 .data          0x000091a8        0x0 gpio.o
 *.c.o(*)

.igot.plt       0x000091a8        0x0
 .igot.plt      0x00000000        0x0 build/main.o

.text           0x000091a8      0x34c
 *.c.o(.text)
 *(.text)
 .text          0x000091a8       0x30 build/main.o
 .text          0x000091d8       0x8c build/jtag.o
                0x000091d8                EnableJTAG
 .text          0x00009264      0x1b8 uart.o
                0x00009264                InitUART
                0x00009324                PutCharUART
                0x00009340                GetCharUART
                0x0000935c                WriteStringUART
                0x0000938c                ReadLineUART
 .text          0x0000941c       0xd8 gpio.o
                0x0000941c                GetGpioAddress
                0x00009424                SetGpioFunction
                0x00009470                SetGpio
                0x000094ac                GetGpio
OUTPUT(build/output.elf elf32-littlearm)

.glue_7         0x000094f4        0x0
 .glue_7        0x00000000        0x0 linker stubs

.glue_7t        0x000094f4        0x0
 .glue_7t       0x00000000        0x0 linker stubs

.vfp11_veneer   0x000094f4        0x0
 .vfp11_veneer  0x00000000        0x0 linker stubs

.v4_bx          0x000094f4        0x0
 .v4_bx         0x00000000        0x0 linker stubs

.iplt           0x000094f4        0x0
 .iplt          0x00000000        0x0 build/main.o

.rel.dyn        0x000094f4        0x0
 .rel.iplt      0x00000000        0x0 build/main.o

.bss            0x000094f4        0x0
 .bss           0x000094f4        0x0 build/main.o
 .bss           0x000094f4        0x0 build/jtag.o
 .bss           0x000094f4        0x0 uart.o
 .bss           0x000094f4        0x0 gpio.o

.ARM.attributes
                0x00000000       0x29
 .ARM.attributes
                0x00000000       0x29 build/main.o
 .ARM.attributes
                0x00000029       0x29 build/jtag.o
 .ARM.attributes
                0x00000052       0x29 uart.o
 .ARM.attributes
                0x0000007b       0x29 gpio.o

.debug_line     0x00000000      0x1e8
 .debug_line    0x00000000       0x57 build/main.o
 .debug_line    0x00000057       0x61 build/jtag.o
 .debug_line    0x000000b8       0xb7 uart.o
 .debug_line    0x0000016f       0x79 gpio.o

.debug_info     0x00000000      0x197
 .debug_info    0x00000000       0x7e build/main.o
 .debug_info    0x0000007e       0x65 build/jtag.o
 .debug_info    0x000000e3       0x5a uart.o
 .debug_info    0x0000013d       0x5a gpio.o

.debug_abbrev   0x00000000       0x4e
 .debug_abbrev  0x00000000       0x12 build/main.o
 .debug_abbrev  0x00000012       0x14 build/jtag.o
 .debug_abbrev  0x00000026       0x14 uart.o
 .debug_abbrev  0x0000003a       0x14 gpio.o

.debug_aranges  0x00000000       0x88
 .debug_aranges
                0x00000000       0x28 build/main.o
 .debug_aranges
                0x00000028       0x20 build/jtag.o
 .debug_aranges
                0x00000048       0x20 uart.o
 .debug_aranges
                0x00000068       0x20 gpio.o

.debug_ranges   0x00000000       0x20
 .debug_ranges  0x00000000       0x20 build/main.o
