
Memory Configuration

Name             Origin             Length             Attributes
*default*        0x00000000         0xffffffff

Linker script and memory map

LOAD build/main.o
LOAD build/gamePulse.o
LOAD build/jtag.o
LOAD build/framebuffer.o
LOAD build/draw.o
LOAD build/drawMap.o
LOAD build/game.o
LOAD build/mushRoom.o
LOAD build/marioJumpAndMoveR.o
LOAD build/marioMove.o
LOAD build/drawMenu.o
LOAD build/marioJumpAndMoveL.o
LOAD build/resetGameMap.o
LOAD build/data.o
LOAD build/controllers.o
LOAD build/controllers1.o
LOAD build/controllers2.o
LOAD uart.o
LOAD gpio.o

.init           0x00008000        0x4
 *(.init)
 .init          0x00008000        0x4 build/main.o
                0x00008000                _start

.data           0x00009080       0x70
 *(.data)
 .data          0x00009080        0x0 build/main.o
 .data          0x00009080        0x0 build/gamePulse.o
 .data          0x00009080        0x0 build/jtag.o
 .data          0x00009080       0x70 build/framebuffer.o
                0x000090e0                FrameBufferPointer
 .data          0x000090f0        0x0 build/draw.o
 .data          0x000090f0        0x0 build/drawMap.o
 .data          0x000090f0        0x0 build/game.o
 .data          0x000090f0        0x0 build/mushRoom.o
 .data          0x000090f0        0x0 build/marioJumpAndMoveR.o
 .data          0x000090f0        0x0 build/marioMove.o
 .data          0x000090f0        0x0 build/drawMenu.o
 .data          0x000090f0        0x0 build/marioJumpAndMoveL.o
 .data          0x000090f0        0x0 build/resetGameMap.o
 .data          0x000090f0        0x0 build/data.o
 .data          0x000090f0        0x0 build/controllers.o
 .data          0x000090f0        0x0 build/controllers1.o
 .data          0x000090f0        0x0 build/controllers2.o
 .data          0x000090f0        0x0 uart.o
 .data          0x000090f0        0x0 gpio.o
 *.c.o(*)

.igot.plt       0x000090f0        0x0
 .igot.plt      0x00000000        0x0 build/main.o

.text           0x000090f0   0x1ba868
 *.c.o(.text)
 *(.text)
 .text          0x000090f0       0x1c build/main.o
 .text          0x0000910c       0xf0 build/gamePulse.o
                0x0000910c                drawPulse
                0x00009130                ClearPulseMenu
                0x00009154                drawIndicatorAtReStart
                0x00009178                clearIndicatorAtReStart
                0x0000919c                drawIndicatorAtQuit1
                0x000091c0                clearIndicatorAtQuit1
 .text          0x000091fc       0x8c build/jtag.o
                0x000091fc                EnableJTAG
 .text          0x00009288       0x80 build/framebuffer.o
                0x00009288                InitFrameBuffer
 .text          0x00009308       0xdc build/draw.o
                0x00009308                DrawPixel
                0x00009328                drawPicture
                0x00009378                drawPicture2
 .text          0x000093e4      0x890 build/drawMap.o
                0x000093e4                drawFirstMap
 .text          0x00009c74       0x70 build/game.o
                0x00009c74                StartGame
                0x00009c8c                quitGame
 .text          0x00009ce4      0x224 build/mushRoom.o
                0x00009ce4                drawMushRoom
 .text          0x00009f08      0x498 build/marioJumpAndMoveR.o
                0x00009f08                marioJumpAndMoveForward
 .text          0x0000a3a0      0x840 build/marioMove.o
                0x0000a3a0                drawMario
                0x0000a3c4                marioJump
                0x0000a7dc                marioWalkBackward
                0x0000a9cc                marioWalkForward
                0x0000ab74                marioDie
 .text          0x0000abe0       0xc8 build/drawMenu.o
                0x0000abe0                drawIntroduction
                0x0000ac04                drawIndicatorAtStart
                0x0000ac28                clearIndicatorAtStart
                0x0000ac4c                drawIndicatorAtQuit
                0x0000ac70                clearIndicatorAtQuit
 .text          0x0000aca8      0x374 build/marioJumpAndMoveL.o
                0x0000aca8                marioJumpAndMoveBackward
 .text          0x0000b01c       0x84 build/resetGameMap.o
                0x0000b01c                resetMap
 .text          0x0000b0a0   0x1b8058 build/data.o
                0x0000b0a0                Intro
                0x0018b0a0                Indicator
                0x0018b8a0                Sky
                0x0018c0a0                Floor
                0x0018c8a0                Plant31
                0x0018d0a0                Plant32
                0x0018d8a0                Plant33
                0x0018e0a0                Tube41
                0x0018e8a0                Tube42
                0x0018f0a0                Tube43
                0x0018f8a0                Tube44
                0x001900a0                Tube45
                0x001908a0                Tube46
                0x001910a0                Block
                0x001918a0                Box
                0x001920a0                Cloud71
                0x001928a0                Cloud72
                0x001930a0                Cloud73
                0x001938a0                Cloud74
                0x001940a0                FirstMapCopy
                0x001943a0                FirstMap
                0x001946a0                checkMushroomTurn
                0x001946a4                checkMushroomDeath
                0x001946a8                marioDiePicture
                0x00194ea8                pulsePicture
                0x001a4bc8                skyToClearMenu
                0x001b48e8                ClearPulseMenuIndicator
                0x001b50e8                pulseMenuIndicator
                0x001b58e8                mushRoomRightPicture
                0x001b60e8                mushRoomLeftPicture
                0x001b68e8                mushRoomXPosition
                0x001b68ec                mushRoomYPosition
                0x001b68f0                flyStop
                0x001b68f4                checkLeftOrRight
                0x001b68f8                numberOne
                0x001b70f8                StraightLine
                0x001b78f8                Live1
                0x001b80f8                Live2
                0x001b88f8                Live3
                0x001b90f8                Live4
                0x001b98f8                Live5
                0x001ba0f8                WorldW
                0x001ba8f8                WorldO
                0x001bb0f8                WorldR
                0x001bb8f8                WorldL
                0x001bc0f8                WorldD
                0x001bc8f8                Coin
                0x001bd0f8                Xsign
                0x001bd8f8                numberZero
                0x001be0f8                marioNameM
                0x001be8f8                marioNameA
                0x001bf0f8                marioNameR
                0x001bf8f8                marioNameI
                0x001c00f8                marioNameO
                0x001c08f8                marioJumpLeftPicture
                0x001c10f8                BoxHit
                0x001c18f8                MarioLeftStand
                0x001c20f8                MarioRightStand
                0x001c28f8                marioJumpRightPicture
 .text          0x001c30f8      0x300 build/controllers.o
                0x001c30f8                controller
                0x001c3274                Init_GPIO
                0x001c3298                setClock
                0x001c32bc                setData
                0x001c32dc                WriteClock
                0x001c32fc                WriteLatch
                0x001c331c                ReadData
                0x001c3344                Wait
                0x001c3364                Read_SNES
 .text          0x001c33f8      0x164 build/controllers1.o
                0x001c33f8                controller1
 .text          0x001c355c      0x16c build/controllers2.o
                0x001c355c                controller2
 .text          0x001c36c8      0x1b8 uart.o
                0x001c36c8                InitUART
                0x001c3788                PutCharUART
                0x001c37a4                GetCharUART
                0x001c37c0                WriteStringUART
                0x001c37f0                ReadLineUART
 .text          0x001c3880       0xd8 gpio.o
                0x001c3880                GetGpioAddress
                0x001c3888                SetGpioFunction
                0x001c38d4                SetGpio
                0x001c3910                GetGpio
OUTPUT(build/output.elf elf32-littlearm)

.glue_7         0x001c3958        0x0
 .glue_7        0x00000000        0x0 linker stubs

.glue_7t        0x001c3958        0x0
 .glue_7t       0x00000000        0x0 linker stubs

.vfp11_veneer   0x001c3958        0x0
 .vfp11_veneer  0x00000000        0x0 linker stubs

.v4_bx          0x001c3958        0x0
 .v4_bx         0x00000000        0x0 linker stubs

.iplt           0x001c3958        0x0
 .iplt          0x00000000        0x0 build/main.o

.rel.dyn        0x001c3958        0x0
 .rel.iplt      0x00000000        0x0 build/main.o

.bss            0x001c3958        0x0
 .bss           0x001c3958        0x0 build/main.o
 .bss           0x001c3958        0x0 build/gamePulse.o
 .bss           0x001c3958        0x0 build/jtag.o
 .bss           0x001c3958        0x0 build/framebuffer.o
 .bss           0x001c3958        0x0 build/draw.o
 .bss           0x001c3958        0x0 build/drawMap.o
 .bss           0x001c3958        0x0 build/game.o
 .bss           0x001c3958        0x0 build/mushRoom.o
 .bss           0x001c3958        0x0 build/marioJumpAndMoveR.o
 .bss           0x001c3958        0x0 build/marioMove.o
 .bss           0x001c3958        0x0 build/drawMenu.o
 .bss           0x001c3958        0x0 build/marioJumpAndMoveL.o
 .bss           0x001c3958        0x0 build/resetGameMap.o
 .bss           0x001c3958        0x0 build/data.o
 .bss           0x001c3958        0x0 build/controllers.o
 .bss           0x001c3958        0x0 build/controllers1.o
 .bss           0x001c3958        0x0 build/controllers2.o
 .bss           0x001c3958        0x0 uart.o
 .bss           0x001c3958        0x0 gpio.o

.ARM.attributes
                0x00000000       0x29
 .ARM.attributes
                0x00000000       0x29 build/main.o
 .ARM.attributes
                0x00000029       0x29 build/gamePulse.o
 .ARM.attributes
                0x00000052       0x29 build/jtag.o
 .ARM.attributes
                0x0000007b       0x29 build/framebuffer.o
 .ARM.attributes
                0x000000a4       0x29 build/draw.o
 .ARM.attributes
                0x000000cd       0x29 build/drawMap.o
 .ARM.attributes
                0x000000f6       0x29 build/game.o
 .ARM.attributes
                0x0000011f       0x29 build/mushRoom.o
 .ARM.attributes
                0x00000148       0x29 build/marioJumpAndMoveR.o
 .ARM.attributes
                0x00000171       0x29 build/marioMove.o
 .ARM.attributes
                0x0000019a       0x29 build/drawMenu.o
 .ARM.attributes
                0x000001c3       0x29 build/marioJumpAndMoveL.o
 .ARM.attributes
                0x000001ec       0x29 build/resetGameMap.o
 .ARM.attributes
                0x00000215       0x29 build/data.o
 .ARM.attributes
                0x0000023e       0x29 build/controllers.o
 .ARM.attributes
                0x00000267       0x29 build/controllers1.o
 .ARM.attributes
                0x00000290       0x29 build/controllers2.o
 .ARM.attributes
                0x000002b9       0x29 uart.o
 .ARM.attributes
                0x000002e2       0x29 gpio.o

.debug_line     0x00000000      0xf7a
 .debug_line    0x00000000       0x52 build/main.o
 .debug_line    0x00000052       0x86 build/gamePulse.o
 .debug_line    0x000000d8       0x61 build/jtag.o
 .debug_line    0x00000139       0x67 build/framebuffer.o
 .debug_line    0x000001a0       0x7a build/draw.o
 .debug_line    0x0000021a      0x2b1 build/drawMap.o
 .debug_line    0x000004cb       0x56 build/game.o
 .debug_line    0x00000521       0xd1 build/mushRoom.o
 .debug_line    0x000005f2      0x17e build/marioJumpAndMoveR.o
 .debug_line    0x00000770      0x268 build/marioMove.o
 .debug_line    0x000009d8       0x77 build/drawMenu.o
 .debug_line    0x00000a4f      0x132 build/marioJumpAndMoveL.o
 .debug_line    0x00000b81       0x67 build/resetGameMap.o
 .debug_line    0x00000be8      0x10c build/controllers.o
 .debug_line    0x00000cf4       0xa8 build/controllers1.o
 .debug_line    0x00000d9c       0xae build/controllers2.o
 .debug_line    0x00000e4a       0xb7 uart.o
 .debug_line    0x00000f01       0x79 gpio.o

.debug_info     0x00000000      0x9cb
 .debug_info    0x00000000       0x86 build/main.o
 .debug_info    0x00000086       0x8f build/gamePulse.o
 .debug_info    0x00000115       0x8a build/jtag.o
 .debug_info    0x0000019f       0x91 build/framebuffer.o
 .debug_info    0x00000230       0x8a build/draw.o
 .debug_info    0x000002ba       0x8d build/drawMap.o
 .debug_info    0x00000347       0x8a build/game.o
 .debug_info    0x000003d1       0x8e build/mushRoom.o
 .debug_info    0x0000045f       0x97 build/marioJumpAndMoveR.o
 .debug_info    0x000004f6       0x8f build/marioMove.o
 .debug_info    0x00000585       0x8e build/drawMenu.o
 .debug_info    0x00000613       0x97 build/marioJumpAndMoveL.o
 .debug_info    0x000006aa       0x92 build/resetGameMap.o
 .debug_info    0x0000073c       0x91 build/controllers.o
 .debug_info    0x000007cd       0x92 build/controllers1.o
 .debug_info    0x0000085f       0x92 build/controllers2.o
 .debug_info    0x000008f1       0x6d uart.o
 .debug_info    0x0000095e       0x6d gpio.o

.debug_abbrev   0x00000000      0x166
 .debug_abbrev  0x00000000       0x12 build/main.o
 .debug_abbrev  0x00000012       0x14 build/gamePulse.o
 .debug_abbrev  0x00000026       0x14 build/jtag.o
 .debug_abbrev  0x0000003a       0x14 build/framebuffer.o
 .debug_abbrev  0x0000004e       0x14 build/draw.o
 .debug_abbrev  0x00000062       0x14 build/drawMap.o
 .debug_abbrev  0x00000076       0x14 build/game.o
 .debug_abbrev  0x0000008a       0x14 build/mushRoom.o
 .debug_abbrev  0x0000009e       0x14 build/marioJumpAndMoveR.o
 .debug_abbrev  0x000000b2       0x14 build/marioMove.o
 .debug_abbrev  0x000000c6       0x14 build/drawMenu.o
 .debug_abbrev  0x000000da       0x14 build/marioJumpAndMoveL.o
 .debug_abbrev  0x000000ee       0x14 build/resetGameMap.o
 .debug_abbrev  0x00000102       0x14 build/controllers.o
 .debug_abbrev  0x00000116       0x14 build/controllers1.o
 .debug_abbrev  0x0000012a       0x14 build/controllers2.o
 .debug_abbrev  0x0000013e       0x14 uart.o
 .debug_abbrev  0x00000152       0x14 gpio.o

.debug_aranges  0x00000000      0x248
 .debug_aranges
                0x00000000       0x28 build/main.o
 .debug_aranges
                0x00000028       0x20 build/gamePulse.o
 .debug_aranges
                0x00000048       0x20 build/jtag.o
 .debug_aranges
                0x00000068       0x20 build/framebuffer.o
 .debug_aranges
                0x00000088       0x20 build/draw.o
 .debug_aranges
                0x000000a8       0x20 build/drawMap.o
 .debug_aranges
                0x000000c8       0x20 build/game.o
 .debug_aranges
                0x000000e8       0x20 build/mushRoom.o
 .debug_aranges
                0x00000108       0x20 build/marioJumpAndMoveR.o
 .debug_aranges
                0x00000128       0x20 build/marioMove.o
 .debug_aranges
                0x00000148       0x20 build/drawMenu.o
 .debug_aranges
                0x00000168       0x20 build/marioJumpAndMoveL.o
 .debug_aranges
                0x00000188       0x20 build/resetGameMap.o
 .debug_aranges
                0x000001a8       0x20 build/controllers.o
 .debug_aranges
                0x000001c8       0x20 build/controllers1.o
 .debug_aranges
                0x000001e8       0x20 build/controllers2.o
 .debug_aranges
                0x00000208       0x20 uart.o
 .debug_aranges
                0x00000228       0x20 gpio.o

.debug_ranges   0x00000000       0x20
 .debug_ranges  0x00000000       0x20 build/main.o
