
Memory Configuration

Name             Origin             Length             Attributes
*default*        0x00000000         0xffffffff

Linker script and memory map

LOAD build/main.o
LOAD build/jtag.o
LOAD build/framebuffer.o

.init           0x00008000        0x4
 *(.init)
 .init          0x00008000        0x4 build/main.o
                0x00008000                _start

.data           0x00009080       0x70
 *(.data)
 .data          0x00009080        0x0 build/main.o
 .data          0x00009080        0x0 build/jtag.o
 .data          0x00009080       0x70 build/framebuffer.o
                0x000090e0                FrameBufferPointer
 *.c.o(*)

.igot.plt       0x000090f0        0x0
 .igot.plt      0x00000000        0x0 build/main.o

.text           0x000090f0      0x150
 *.c.o(.text)
 *(.text)
 .text          0x000090f0       0x44 build/main.o
 .text          0x00009134       0x8c build/jtag.o
                0x00009134                EnableJTAG
 .text          0x000091c0       0x80 build/framebuffer.o
                0x000091c0                InitFrameBuffer
OUTPUT(build/output.elf elf32-littlearm)

.glue_7         0x00009240        0x0
 .glue_7        0x00000000        0x0 linker stubs

.glue_7t        0x00009240        0x0
 .glue_7t       0x00000000        0x0 linker stubs

.vfp11_veneer   0x00009240        0x0
 .vfp11_veneer  0x00000000        0x0 linker stubs

.v4_bx          0x00009240        0x0
 .v4_bx         0x00000000        0x0 linker stubs

.iplt           0x00009240        0x0
 .iplt          0x00000000        0x0 build/main.o

.rel.dyn        0x00009240        0x0
 .rel.iplt      0x00000000        0x0 build/main.o

.bss            0x00009240        0x0
 .bss           0x00009240        0x0 build/main.o
 .bss           0x00009240        0x0 build/jtag.o
 .bss           0x00009240        0x0 build/framebuffer.o

.ARM.attributes
                0x00000000       0x29
 .ARM.attributes
                0x00000000       0x29 build/main.o
 .ARM.attributes
                0x00000029       0x29 build/jtag.o
 .ARM.attributes
                0x00000052       0x29 build/framebuffer.o

.debug_line     0x00000000      0x124
 .debug_line    0x00000000       0x5c build/main.o
 .debug_line    0x0000005c       0x61 build/jtag.o
 .debug_line    0x000000bd       0x67 build/framebuffer.o

.debug_info     0x00000000      0x129
 .debug_info    0x00000000       0x5e build/main.o
 .debug_info    0x0000005e       0x62 build/jtag.o
 .debug_info    0x000000c0       0x69 build/framebuffer.o

.debug_abbrev   0x00000000       0x3a
 .debug_abbrev  0x00000000       0x12 build/main.o
 .debug_abbrev  0x00000012       0x14 build/jtag.o
 .debug_abbrev  0x00000026       0x14 build/framebuffer.o

.debug_aranges  0x00000000       0x68
 .debug_aranges
                0x00000000       0x28 build/main.o
 .debug_aranges
                0x00000028       0x20 build/jtag.o
 .debug_aranges
                0x00000048       0x20 build/framebuffer.o

.debug_ranges   0x00000000       0x20
 .debug_ranges  0x00000000       0x20 build/main.o
